// Jest Snapshot v1, https://goo.gl/fbAQLP

exports[`Login component tests should match snapshot render 1`] = `
ShallowWrapper {
  "length": 1,
  Symbol(enzyme.__root__): [Circular],
  Symbol(enzyme.__unrendered__): <Login />,
  Symbol(enzyme.__renderer__): Object {
    "batchedUpdates": [Function],
    "getNode": [Function],
    "render": [Function],
    "simulateEvent": [Function],
    "unmount": [Function],
  },
  Symbol(enzyme.__node__): Object {
    "instance": null,
    "key": undefined,
    "nodeType": "host",
    "props": Object {
      "children": Array [
        <h2>
          Welcome to Statify!
        </h2>,
        <div>
          <p>
            To see your Spotify listening statistics
            <br />
            please sign in to Spotify below
          </p>
          <p>
            <a
              href="https://accounts.spotify.com/authorize/?client_id=6f67e11fa50a413f9bf17697789322aa&response_type=code&redirect_uri=http%3A%2F%2Flocalhost%3A3000%2F&scope=user-read-private%20user-read-email%20user-top-read%20playlist-modify-public%20playlist-modify-private&state=34fFs29kd09"
            >
              <button>
                Login
              </button>
            </a>
          </p>
        </div>,
      ],
      "className": "login-div",
    },
    "ref": null,
    "rendered": Array [
      Object {
        "instance": null,
        "key": undefined,
        "nodeType": "host",
        "props": Object {
          "children": "Welcome to Statify!",
        },
        "ref": null,
        "rendered": "Welcome to Statify!",
        "type": "h2",
      },
      Object {
        "instance": null,
        "key": undefined,
        "nodeType": "host",
        "props": Object {
          "children": Array [
            <p>
              To see your Spotify listening statistics
              <br />
              please sign in to Spotify below
            </p>,
            <p>
              <a
                href="https://accounts.spotify.com/authorize/?client_id=6f67e11fa50a413f9bf17697789322aa&response_type=code&redirect_uri=http%3A%2F%2Flocalhost%3A3000%2F&scope=user-read-private%20user-read-email%20user-top-read%20playlist-modify-public%20playlist-modify-private&state=34fFs29kd09"
              >
                <button>
                  Login
                </button>
              </a>
            </p>,
          ],
        },
        "ref": null,
        "rendered": Array [
          Object {
            "instance": null,
            "key": undefined,
            "nodeType": "host",
            "props": Object {
              "children": Array [
                "To see your Spotify listening statistics",
                <br />,
                "please sign in to Spotify below",
              ],
            },
            "ref": null,
            "rendered": Array [
              "To see your Spotify listening statistics",
              Object {
                "instance": null,
                "key": undefined,
                "nodeType": "host",
                "props": Object {},
                "ref": null,
                "rendered": null,
                "type": "br",
              },
              "please sign in to Spotify below",
            ],
            "type": "p",
          },
          Object {
            "instance": null,
            "key": undefined,
            "nodeType": "host",
            "props": Object {
              "children": <a
                href="https://accounts.spotify.com/authorize/?client_id=6f67e11fa50a413f9bf17697789322aa&response_type=code&redirect_uri=http%3A%2F%2Flocalhost%3A3000%2F&scope=user-read-private%20user-read-email%20user-top-read%20playlist-modify-public%20playlist-modify-private&state=34fFs29kd09"
              >
                <button>
                  Login
                </button>
              </a>,
            },
            "ref": null,
            "rendered": Object {
              "instance": null,
              "key": undefined,
              "nodeType": "host",
              "props": Object {
                "children": <button>
                  Login
                </button>,
                "href": "https://accounts.spotify.com/authorize/?client_id=6f67e11fa50a413f9bf17697789322aa&response_type=code&redirect_uri=http%3A%2F%2Flocalhost%3A3000%2F&scope=user-read-private%20user-read-email%20user-top-read%20playlist-modify-public%20playlist-modify-private&state=34fFs29kd09",
              },
              "ref": null,
              "rendered": Object {
                "instance": null,
                "key": undefined,
                "nodeType": "host",
                "props": Object {
                  "children": "Login",
                },
                "ref": null,
                "rendered": "Login",
                "type": "button",
              },
              "type": "a",
            },
            "type": "p",
          },
        ],
        "type": "div",
      },
    ],
    "type": "div",
  },
  Symbol(enzyme.__nodes__): Array [
    Object {
      "instance": null,
      "key": undefined,
      "nodeType": "host",
      "props": Object {
        "children": Array [
          <h2>
            Welcome to Statify!
          </h2>,
          <div>
            <p>
              To see your Spotify listening statistics
              <br />
              please sign in to Spotify below
            </p>
            <p>
              <a
                href="https://accounts.spotify.com/authorize/?client_id=6f67e11fa50a413f9bf17697789322aa&response_type=code&redirect_uri=http%3A%2F%2Flocalhost%3A3000%2F&scope=user-read-private%20user-read-email%20user-top-read%20playlist-modify-public%20playlist-modify-private&state=34fFs29kd09"
              >
                <button>
                  Login
                </button>
              </a>
            </p>
          </div>,
        ],
        "className": "login-div",
      },
      "ref": null,
      "rendered": Array [
        Object {
          "instance": null,
          "key": undefined,
          "nodeType": "host",
          "props": Object {
            "children": "Welcome to Statify!",
          },
          "ref": null,
          "rendered": "Welcome to Statify!",
          "type": "h2",
        },
        Object {
          "instance": null,
          "key": undefined,
          "nodeType": "host",
          "props": Object {
            "children": Array [
              <p>
                To see your Spotify listening statistics
                <br />
                please sign in to Spotify below
              </p>,
              <p>
                <a
                  href="https://accounts.spotify.com/authorize/?client_id=6f67e11fa50a413f9bf17697789322aa&response_type=code&redirect_uri=http%3A%2F%2Flocalhost%3A3000%2F&scope=user-read-private%20user-read-email%20user-top-read%20playlist-modify-public%20playlist-modify-private&state=34fFs29kd09"
                >
                  <button>
                    Login
                  </button>
                </a>
              </p>,
            ],
          },
          "ref": null,
          "rendered": Array [
            Object {
              "instance": null,
              "key": undefined,
              "nodeType": "host",
              "props": Object {
                "children": Array [
                  "To see your Spotify listening statistics",
                  <br />,
                  "please sign in to Spotify below",
                ],
              },
              "ref": null,
              "rendered": Array [
                "To see your Spotify listening statistics",
                Object {
                  "instance": null,
                  "key": undefined,
                  "nodeType": "host",
                  "props": Object {},
                  "ref": null,
                  "rendered": null,
                  "type": "br",
                },
                "please sign in to Spotify below",
              ],
              "type": "p",
            },
            Object {
              "instance": null,
              "key": undefined,
              "nodeType": "host",
              "props": Object {
                "children": <a
                  href="https://accounts.spotify.com/authorize/?client_id=6f67e11fa50a413f9bf17697789322aa&response_type=code&redirect_uri=http%3A%2F%2Flocalhost%3A3000%2F&scope=user-read-private%20user-read-email%20user-top-read%20playlist-modify-public%20playlist-modify-private&state=34fFs29kd09"
                >
                  <button>
                    Login
                  </button>
                </a>,
              },
              "ref": null,
              "rendered": Object {
                "instance": null,
                "key": undefined,
                "nodeType": "host",
                "props": Object {
                  "children": <button>
                    Login
                  </button>,
                  "href": "https://accounts.spotify.com/authorize/?client_id=6f67e11fa50a413f9bf17697789322aa&response_type=code&redirect_uri=http%3A%2F%2Flocalhost%3A3000%2F&scope=user-read-private%20user-read-email%20user-top-read%20playlist-modify-public%20playlist-modify-private&state=34fFs29kd09",
                },
                "ref": null,
                "rendered": Object {
                  "instance": null,
                  "key": undefined,
                  "nodeType": "host",
                  "props": Object {
                    "children": "Login",
                  },
                  "ref": null,
                  "rendered": "Login",
                  "type": "button",
                },
                "type": "a",
              },
              "type": "p",
            },
          ],
          "type": "div",
        },
      ],
      "type": "div",
    },
  ],
  Symbol(enzyme.__options__): Object {
    "adapter": ReactSixteenAdapter {
      "options": Object {
        "enableComponentDidUpdateOnSetState": true,
      },
    },
  },
}
`;
